OpenMP benchmark using up to 16 threads and 3 repetitions.
standard serial 1/3: 13.714 s
standard serial 2/3: 11.418 s
standard serial 3/3: 11.903 s
seahorse_valley serial 1/3: 5.712 s
seahorse_valley serial 2/3: 4.253 s
seahorse_valley serial 3/3: 3.468 s
strong scaling, 1 threads, 1/3: 7.859 s
strong scaling, 1 threads, 2/3: 8.827 s
strong scaling, 1 threads, 3/3: 12.427 s
strong scaling, 2 threads, 1/3: 4.795 s
strong scaling, 2 threads, 2/3: 3.884 s
strong scaling, 2 threads, 3/3: 3.905 s
strong scaling, 4 threads, 1/3: 3.809 s
strong scaling, 4 threads, 2/3: 3.793 s
strong scaling, 4 threads, 3/3: 3.790 s
strong scaling, 8 threads, 1/3: 2.816 s
strong scaling, 8 threads, 2/3: 2.798 s
strong scaling, 8 threads, 3/3: 2.785 s
strong scaling, 16 threads, 1/3: 1.826 s
strong scaling, 16 threads, 2/3: 1.831 s
strong scaling, 16 threads, 3/3: 1.806 s
standard static, chunk 1, 1/3: 1.002 s
standard static, chunk 1, 2/3: 1.005 s
standard static, chunk 1, 3/3: 1.005 s
standard static, chunk 4, 1/3: 0.946 s
standard static, chunk 4, 2/3: 0.920 s
standard static, chunk 4, 3/3: 0.946 s
standard static, chunk 16, 1/3: 0.975 s
standard static, chunk 16, 2/3: 1.001 s
standard static, chunk 16, 3/3: 1.022 s
standard static, chunk 64, 1/3: 1.039 s
standard static, chunk 64, 2/3: 0.983 s
standard static, chunk 64, 3/3: 1.033 s
standard dynamic, chunk 1, 1/3: 0.872 s
standard dynamic, chunk 1, 2/3: 0.859 s
standard dynamic, chunk 1, 3/3: 0.855 s
standard dynamic, chunk 4, 1/3: 0.861 s
standard dynamic, chunk 4, 2/3: 0.841 s
standard dynamic, chunk 4, 3/3: 0.864 s
standard dynamic, chunk 16, 1/3: 0.869 s
standard dynamic, chunk 16, 2/3: 0.860 s
standard dynamic, chunk 16, 3/3: 0.854 s
standard dynamic, chunk 64, 1/3: 0.976 s
standard dynamic, chunk 64, 2/3: 0.957 s
standard dynamic, chunk 64, 3/3: 0.976 s
standard guided, chunk 1, 1/3: 1.158 s
standard guided, chunk 1, 2/3: 1.180 s
standard guided, chunk 1, 3/3: 1.204 s
standard guided, chunk 4, 1/3: 1.210 s
standard guided, chunk 4, 2/3: 1.249 s
standard guided, chunk 4, 3/3: 1.261 s
standard guided, chunk 16, 1/3: 1.277 s
standard guided, chunk 16, 2/3: 1.243 s
standard guided, chunk 16, 3/3: 1.179 s
standard guided, chunk 64, 1/3: 1.222 s
standard guided, chunk 64, 2/3: 1.333 s
standard guided, chunk 64, 3/3: 1.211 s
seahorse_valley static, chunk 1, 1/3: 0.430 s
seahorse_valley static, chunk 1, 2/3: 0.423 s
seahorse_valley static, chunk 1, 3/3: 0.408 s
seahorse_valley static, chunk 4, 1/3: 0.416 s
seahorse_valley static, chunk 4, 2/3: 0.410 s
seahorse_valley static, chunk 4, 3/3: 0.416 s
seahorse_valley static, chunk 16, 1/3: 0.421 s
seahorse_valley static, chunk 16, 2/3: 0.430 s
seahorse_valley static, chunk 16, 3/3: 0.416 s
seahorse_valley static, chunk 64, 1/3: 0.500 s
seahorse_valley static, chunk 64, 2/3: 0.474 s
seahorse_valley static, chunk 64, 3/3: 0.464 s
seahorse_valley dynamic, chunk 1, 1/3: 0.363 s
seahorse_valley dynamic, chunk 1, 2/3: 0.380 s
seahorse_valley dynamic, chunk 1, 3/3: 0.382 s
seahorse_valley dynamic, chunk 4, 1/3: 0.386 s
seahorse_valley dynamic, chunk 4, 2/3: 0.369 s
seahorse_valley dynamic, chunk 4, 3/3: 0.377 s
seahorse_valley dynamic, chunk 16, 1/3: 0.398 s
seahorse_valley dynamic, chunk 16, 2/3: 0.395 s
seahorse_valley dynamic, chunk 16, 3/3: 0.394 s
seahorse_valley dynamic, chunk 64, 1/3: 0.456 s
seahorse_valley dynamic, chunk 64, 2/3: 0.446 s
seahorse_valley dynamic, chunk 64, 3/3: 0.459 s
seahorse_valley guided, chunk 1, 1/3: 0.427 s
seahorse_valley guided, chunk 1, 2/3: 0.423 s
seahorse_valley guided, chunk 1, 3/3: 0.412 s
seahorse_valley guided, chunk 4, 1/3: 0.406 s
seahorse_valley guided, chunk 4, 2/3: 0.476 s
seahorse_valley guided, chunk 4, 3/3: 0.417 s
seahorse_valley guided, chunk 16, 1/3: 0.413 s
seahorse_valley guided, chunk 16, 2/3: 0.431 s
seahorse_valley guided, chunk 16, 3/3: 0.593 s
seahorse_valley guided, chunk 64, 1/3: 0.566 s
seahorse_valley guided, chunk 64, 2/3: 0.529 s
seahorse_valley guided, chunk 64, 3/3: 0.456 s
weak scaling, 1 threads, 4096x4096, 1/3: 9.301 s
weak scaling, 1 threads, 4096x4096, 2/3: 8.470 s
weak scaling, 1 threads, 4096x4096, 3/3: 8.834 s
weak scaling, 4 threads, 8192x8192, 1/3: 18.600 s
weak scaling, 4 threads, 8192x8192, 2/3: 16.658 s
weak scaling, 4 threads, 8192x8192, 3/3: 14.985 s
weak scaling, 16 threads, 16384x16384, 1/3: 26.069 s
weak scaling, 16 threads, 16384x16384, 2/3: 26.515 s
weak scaling, 16 threads, 16384x16384, 3/3: 26.434 s
Benchmark completed successfully.
